<?xml version="1.0" encoding="utf-8" ?>
<result>
	<row>
		<idSite>1</idSite>
		<idVisit>1</idVisit>
		<visitIp>127.0.0.1</visitIp>
		
		<actionDetails>
			<row>
				<type>action</type>
				<url>http://demo-anonymous.piwik.org/system-report</url>
				<pageTitle>System-Report</pageTitle>
				<pageIdAction>2</pageIdAction>
				
				<pageId>1</pageId>
				<timeSpent>0</timeSpent>
				<timeSpentPretty>0s</timeSpentPretty>
				<icon />
				
			</row>
			<row>
				<type>event</type>
				<url>http://demo-anonymous.piwik.org/system-report</url>
				<pageIdAction>2</pageIdAction>
				
				<pageId>2</pageId>
				<eventCategory>API</eventCategory>
				<eventAction>getPiwikVersion</eventAction>
				<eventName>API</eventName>
				<eventValue>2</eventValue>
				<timeSpent>0</timeSpent>
				<timeSpentPretty>0s</timeSpentPretty>
				<icon>plugins/Morpheus/images/event.png</icon>
				
			</row>
			<row>
				<type>event</type>
				<url>http://demo-anonymous.piwik.org/system-report</url>
				<pageIdAction>2</pageIdAction>
				
				<pageId>3</pageId>
				<eventCategory>API</eventCategory>
				<eventAction>getSettings</eventAction>
				<eventName>API</eventName>
				<eventValue>1</eventValue>
				<timeSpent>0</timeSpent>
				<timeSpentPretty>0s</timeSpentPretty>
				<icon>plugins/Morpheus/images/event.png</icon>
				
			</row>
			<row>
				<type>event</type>
				<url>http://demo-anonymous.piwik.org/system-report</url>
				<pageIdAction>2</pageIdAction>
				
				<pageId>4</pageId>
				<eventCategory>API</eventCategory>
				<eventAction>getAllSites</eventAction>
				<eventName>SitesManager</eventName>
				<eventValue>1</eventValue>
				<timeSpent>0</timeSpent>
				<timeSpentPretty>0s</timeSpentPretty>
				<icon>plugins/Morpheus/images/event.png</icon>
				
			</row>
			<row>
				<type>event</type>
				<url>http://demo-anonymous.piwik.org/system-report</url>
				<pageIdAction>2</pageIdAction>
				
				<pageId>5</pageId>
				<eventCategory>API</eventCategory>
				<eventAction>getSiteFromId</eventAction>
				<eventName>SitesManager</eventName>
				<eventValue>1</eventValue>
				<timeSpent>0</timeSpent>
				<timeSpentPretty>0s</timeSpentPretty>
				<icon>plugins/Morpheus/images/event.png</icon>
				
			</row>
			<row>
				<type>event</type>
				<url>http://demo-anonymous.piwik.org/system-report</url>
				<pageIdAction>2</pageIdAction>
				
				<pageId>6</pageId>
				<eventCategory>API</eventCategory>
				<eventAction>getUsers</eventAction>
				<eventName>UsersManager</eventName>
				<eventValue>2</eventValue>
				<icon>plugins/Morpheus/images/event.png</icon>
				
			</row>
		</actionDetails>
		<goalConversions>0</goalConversions>
		<siteCurrency>USD</siteCurrency>
		<siteCurrencySymbol>$</siteCurrencySymbol>
		
		
		
		
		<userId />
		<visitorType>new</visitorType>
		<visitorTypeIcon />
		<visitConverted>0</visitConverted>
		<visitConvertedIcon />
		<visitCount>1</visitCount>
		
		<visitEcommerceStatus>none</visitEcommerceStatus>
		<visitEcommerceStatusIcon />
		<daysSinceFirstVisit>0</daysSinceFirstVisit>
		<daysSinceLastEcommerceOrder>0</daysSinceLastEcommerceOrder>
		<visitDuration>1</visitDuration>
		<visitDurationPretty>1s</visitDurationPretty>
		<searches>0</searches>
		<actions>6</actions>
		<referrerType>direct</referrerType>
		<referrerTypeName>Direct Entry</referrerTypeName>
		<referrerName />
		<referrerKeyword />
		<referrerKeywordPosition />
		<referrerUrl />
		<referrerSearchEngineUrl />
		<referrerSearchEngineIcon />
		<languageCode />
		<language>Unknown</language>
		<deviceType>Unknown</deviceType>
		<deviceTypeIcon>plugins/DevicesDetection/images/screens/unknown.gif</deviceTypeIcon>
		<deviceBrand>Unknown</deviceBrand>
		<deviceModel />
		<operatingSystem>Unknown</operatingSystem>
		<operatingSystemName>Unknown</operatingSystemName>
		<operatingSystemIcon>plugins/DevicesDetection/images/os/UNK.gif</operatingSystemIcon>
		<operatingSystemCode>UNK</operatingSystemCode>
		<operatingSystemVersion>UNK</operatingSystemVersion>
		<browserFamily />
		<browserFamilyDescription>Unknown</browserFamilyDescription>
		<browser>Unknown</browser>
		<browserName>Unknown</browserName>
		<browserIcon>plugins/DevicesDetection/images/browsers/UNK.gif</browserIcon>
		<browserCode>UNK</browserCode>
		<browserVersion />
		<events>5</events>
		<continent>Unknown</continent>
		<continentCode>unk</continentCode>
		<country>Unknown</country>
		<countryCode>xx</countryCode>
		<countryFlag>plugins/UserCountry/images/flags/xx.png</countryFlag>
		<region />
		<regionCode />
		<city />
		<location>Unknown</location>
		<latitude />
		<longitude />
		<visitLocalTime>17:31:45</visitLocalTime>
		<visitLocalHour>17</visitLocalHour>
		<daysSinceLastVisit>0</daysSinceLastVisit>
		<customVariables>
			<row>
				<customVariableName1>Piwik Version</customVariableName1>
				<customVariableValue1>2.14.3</customVariableValue1>
			</row>
			<row>
				<customVariableName2>PHP Version</customVariableName2>
				<customVariableValue2>5.5.27</customVariableValue2>
			</row>
			<row>
				<customVariableName3>Num Users</customVariableName3>
				<customVariableValue3>1</customVariableValue3>
			</row>
			<row>
				<customVariableName4>Num Websites</customVariableName4>
				<customVariableValue4>1</customVariableValue4>
			</row>
			<row>
				<customVariableName5>Num Segments</customVariableName5>
				<customVariableValue5>0</customVariableValue5>
			</row>
		</customVariables>
		<resolution>unknown</resolution>
		<plugins />
		<pluginsIcons />
		
		
		
		
		
	</row>
</result>