<?xml version="1.0" encoding="utf-8" ?>
<result>
	<row>
		<label>API (count)</label>
		<nb_visits>7</nb_visits>
		<nb_events>7</nb_events>
		<nb_events_with_value>7</nb_events_with_value>
		<sum_event_value>2</sum_event_value>
		<min_event_value>0</min_event_value>
		<max_event_value>2</max_event_value>
		<sum_daily_nb_uniq_visitors>2</sum_daily_nb_uniq_visitors>
		<avg_event_value>2</avg_event_value>
		<segment>eventCategory==API+%28count%29</segment>
		<subtable>
			<row>
				<label>API.getPiwikVersion (count)</label>
				<nb_visits>1</nb_visits>
				<nb_events>1</nb_events>
				<nb_events_with_value>1</nb_events_with_value>
				<sum_event_value>2</sum_event_value>
				<min_event_value>0</min_event_value>
				<max_event_value>2</max_event_value>
				<sum_daily_nb_uniq_visitors>2</sum_daily_nb_uniq_visitors>
				<avg_event_value>2</avg_event_value>
			</row>
			<row>
				<label>API.getSettings (count)</label>
				<nb_visits>1</nb_visits>
				<nb_events>1</nb_events>
				<nb_events_with_value>1</nb_events_with_value>
				<sum_event_value>2</sum_event_value>
				<min_event_value>0</min_event_value>
				<max_event_value>2</max_event_value>
				<sum_daily_nb_uniq_visitors>2</sum_daily_nb_uniq_visitors>
				<avg_event_value>2</avg_event_value>
			</row>
			<row>
				<label>CoreAdminHome.invalidateArchivedReports (count)</label>
				<nb_visits>1</nb_visits>
				<nb_events>1</nb_events>
				<nb_events_with_value>1</nb_events_with_value>
				<sum_event_value>2</sum_event_value>
				<min_event_value>0</min_event_value>
				<max_event_value>2</max_event_value>
				<sum_daily_nb_uniq_visitors>2</sum_daily_nb_uniq_visitors>
				<avg_event_value>2</avg_event_value>
			</row>
			<row>
				<label>SitesManager.getAllSites (count)</label>
				<nb_visits>1</nb_visits>
				<nb_events>1</nb_events>
				<nb_events_with_value>1</nb_events_with_value>
				<sum_event_value>2</sum_event_value>
				<min_event_value>0</min_event_value>
				<max_event_value>2</max_event_value>
				<sum_daily_nb_uniq_visitors>2</sum_daily_nb_uniq_visitors>
				<avg_event_value>2</avg_event_value>
			</row>
			<row>
				<label>SitesManager.getSiteFromId (count)</label>
				<nb_visits>1</nb_visits>
				<nb_events>1</nb_events>
				<nb_events_with_value>1</nb_events_with_value>
				<sum_event_value>2</sum_event_value>
				<min_event_value>0</min_event_value>
				<max_event_value>2</max_event_value>
				<sum_daily_nb_uniq_visitors>2</sum_daily_nb_uniq_visitors>
				<avg_event_value>2</avg_event_value>
			</row>
			<row>
				<label>UsersManager.getUsers (count)</label>
				<nb_visits>1</nb_visits>
				<nb_events>1</nb_events>
				<nb_events_with_value>1</nb_events_with_value>
				<sum_event_value>2</sum_event_value>
				<min_event_value>0</min_event_value>
				<max_event_value>2</max_event_value>
				<sum_daily_nb_uniq_visitors>2</sum_daily_nb_uniq_visitors>
				<avg_event_value>2</avg_event_value>
			</row>
			<row>
				<label>VisitsSummary.get (count)</label>
				<nb_visits>1</nb_visits>
				<nb_events>1</nb_events>
				<nb_events_with_value>1</nb_events_with_value>
				<sum_event_value>2</sum_event_value>
				<min_event_value>0</min_event_value>
				<max_event_value>2</max_event_value>
				<sum_daily_nb_uniq_visitors>2</sum_daily_nb_uniq_visitors>
				<avg_event_value>2</avg_event_value>
			</row>
		</subtable>
	</row>
	<row>
		<label>API (speed)</label>
		<nb_visits>7</nb_visits>
		<nb_events>7</nb_events>
		<nb_events_with_value>7</nb_events_with_value>
		<sum_event_value>2</sum_event_value>
		<min_event_value>0</min_event_value>
		<max_event_value>2</max_event_value>
		<sum_daily_nb_uniq_visitors>2</sum_daily_nb_uniq_visitors>
		<avg_event_value>2</avg_event_value>
		<segment>eventCategory==API+%28speed%29</segment>
		<subtable>
			<row>
				<label>API.getPiwikVersion (speed)</label>
				<nb_visits>1</nb_visits>
				<nb_events>1</nb_events>
				<nb_events_with_value>1</nb_events_with_value>
				<sum_event_value>2</sum_event_value>
				<min_event_value>0</min_event_value>
				<max_event_value>2</max_event_value>
				<sum_daily_nb_uniq_visitors>2</sum_daily_nb_uniq_visitors>
				<avg_event_value>2</avg_event_value>
			</row>
			<row>
				<label>API.getSettings (speed)</label>
				<nb_visits>1</nb_visits>
				<nb_events>1</nb_events>
				<nb_events_with_value>1</nb_events_with_value>
				<sum_event_value>2</sum_event_value>
				<min_event_value>0</min_event_value>
				<max_event_value>2</max_event_value>
				<sum_daily_nb_uniq_visitors>2</sum_daily_nb_uniq_visitors>
				<avg_event_value>2</avg_event_value>
			</row>
			<row>
				<label>CoreAdminHome.invalidateArchivedReports (speed)</label>
				<nb_visits>1</nb_visits>
				<nb_events>1</nb_events>
				<nb_events_with_value>1</nb_events_with_value>
				<sum_event_value>2</sum_event_value>
				<min_event_value>0</min_event_value>
				<max_event_value>2</max_event_value>
				<sum_daily_nb_uniq_visitors>2</sum_daily_nb_uniq_visitors>
				<avg_event_value>2</avg_event_value>
			</row>
			<row>
				<label>SitesManager.getAllSites (speed)</label>
				<nb_visits>1</nb_visits>
				<nb_events>1</nb_events>
				<nb_events_with_value>1</nb_events_with_value>
				<sum_event_value>2</sum_event_value>
				<min_event_value>0</min_event_value>
				<max_event_value>2</max_event_value>
				<sum_daily_nb_uniq_visitors>2</sum_daily_nb_uniq_visitors>
				<avg_event_value>2</avg_event_value>
			</row>
			<row>
				<label>SitesManager.getSiteFromId (speed)</label>
				<nb_visits>1</nb_visits>
				<nb_events>1</nb_events>
				<nb_events_with_value>1</nb_events_with_value>
				<sum_event_value>2</sum_event_value>
				<min_event_value>0</min_event_value>
				<max_event_value>2</max_event_value>
				<sum_daily_nb_uniq_visitors>2</sum_daily_nb_uniq_visitors>
				<avg_event_value>2</avg_event_value>
			</row>
			<row>
				<label>UsersManager.getUsers (speed)</label>
				<nb_visits>1</nb_visits>
				<nb_events>1</nb_events>
				<nb_events_with_value>1</nb_events_with_value>
				<sum_event_value>2</sum_event_value>
				<min_event_value>0</min_event_value>
				<max_event_value>2</max_event_value>
				<sum_daily_nb_uniq_visitors>2</sum_daily_nb_uniq_visitors>
				<avg_event_value>2</avg_event_value>
			</row>
			<row>
				<label>VisitsSummary.get (speed)</label>
				<nb_visits>1</nb_visits>
				<nb_events>1</nb_events>
				<nb_events_with_value>1</nb_events_with_value>
				<sum_event_value>2</sum_event_value>
				<min_event_value>0</min_event_value>
				<max_event_value>2</max_event_value>
				<sum_daily_nb_uniq_visitors>2</sum_daily_nb_uniq_visitors>
				<avg_event_value>2</avg_event_value>
			</row>
		</subtable>
	</row>
</result>